============================= test session starts =============================
platform win32 -- Python 3.13.6, pytest-9.0.2, pluggy-1.6.0
rootdir: C:\Study\GenAI\Project\NexusAI
configfile: pyproject.toml
plugins: anyio-4.11.0, mock-3.15.1
collected 1 item

tests\unit\test_director_unit.py F                                       [100%]

================================== FAILURES ===================================
_________________________ test_generate_script_logic __________________________
tests\unit\test_director_unit.py:140: in test_generate_script_logic
    asyncio.run(generate_script(job_id, "Science", 4, "1080p"))
C:\Users\dhire\AppData\Roaming\uv\python\cpython-3.13.6-windows-x86_64-none\Lib\asyncio\runners.py:195: in run
    return runner.run(main)
           ^^^^^^^^^^^^^^^^
C:\Users\dhire\AppData\Roaming\uv\python\cpython-3.13.6-windows-x86_64-none\Lib\asyncio\runners.py:118: in run
    return self._loop.run_until_complete(task)
           ^^^^^^^^^^^^^^^^^^^^^^^^^^^^^^^^^^^
C:\Users\dhire\AppData\Roaming\uv\python\cpython-3.13.6-windows-x86_64-none\Lib\asyncio\base_events.py:725: in run_until_complete
    return future.result()
           ^^^^^^^^^^^^^^^
Director\backend.py:297: in generate_script
    raise e
Director\backend.py:275: in generate_script
    visual_details=VisualDetails(**prompt_data.get('visual_details', {})),
                   ^^^^^^^^^^^^^^^^^^^^^^^^^^^^^^^^^^^^^^^^^^^^^^^^^^^^^^
E   pydantic_core._pydantic_core.ValidationError: 3 validation errors for VisualDetails
E   environment
E     Field required [type=missing, input_value={}, input_type=dict]
E       For further information visit https://errors.pydantic.dev/2.12/v/missing
E   character
E     Field required [type=missing, input_value={}, input_type=dict]
E       For further information visit https://errors.pydantic.dev/2.12/v/missing
E   props
E     Field required [type=missing, input_value={}, input_type=dict]
E       For further information visit https://errors.pydantic.dev/2.12/v/missing
------------------------------ Captured log call ------------------------------
ERROR    Director:backend.py:296 [test_job] Script generation failed: 3 validation errors for VisualDetails
environment
  Field required [type=missing, input_value={}, input_type=dict]
    For further information visit https://errors.pydantic.dev/2.12/v/missing
character
  Field required [type=missing, input_value={}, input_type=dict]
    For further information visit https://errors.pydantic.dev/2.12/v/missing
props
  Field required [type=missing, input_value={}, input_type=dict]
    For further information visit https://errors.pydantic.dev/2.12/v/missing
=========================== short test summary info ===========================
FAILED tests/unit/test_director_unit.py::test_generate_script_logic - pydanti...
============================== 1 failed in 0.55s ==============================
